Warning: You are sending unauthenticated requests to the HF Hub. Please set a HF_TOKEN to enable higher rate limits and faster downloads.
gravando 618 pedidos apartados...
   abacaxi ok
   abelha ok
   amendoim ok
   amor ok
   aranha ok
   asa ok
   avião ok
   banana ok
   banho ok
   barco ok
   batata ok
   bebida ok
   bicicleta ok
   bico ok
   boca ok
   bola ok
   bolacha ok
   bolha ok
   bolo ok
   bolsa ok
   bomba ok
   boneca ok
   borboleta ok
   borda ok
   bota ok
   bravo ok
   briga ok
   brinco ok
   cabo ok
   cachorro ok
   cadeira ok
   caju ok
   cama ok
   campo ok
   caneca ok
   canela ok
   caneta ok
   capa ok
   capim ok
   caracol ok
   carro ok
   casa ok
   cavalo ok
   caça ok
   cebola ok
   cedo ok
   cenoura ok
   chato ok
   chocolate ok
   chorão ok
   coco ok
   computador ok
   cone ok
   copo ok
   coruja ok
   cravo ok
   creme ok
   cubo ok
   cão ok
   dado ok
   dedo ok
   dia ok
   dobra ok
   doce ok
   dragão ok
   elefante ok
   escola ok
   faca ok
   fevereiro ok
   filha ok
   flor ok
   foca ok
   fogo ok
   foguete ok
   folha ok
   galinha ok
   ganho ok
   garrafa ok
   gatinho ok
   gato ok
   girafa ok
   gota ok
   grama ok
   homem ok
   hora ok
   ilha ok
   jacare ok
   janela ok
   jardim ok
   jarra ok
   juca ok
   lama ok
   lanche ok
   laranja ok
   lata ok
   laço ok
   leao ok
   limao ok
   livro ok
   lobo ok
   lua ok
   luneta ok
   lupa ok
   maca ok
   macaco ok
   mago ok
   mala ok
   maleta ok
   mapa ok
   mar ok
   mato ok
   medo ok
   meia ok
   menina ok
   menino ok
   mesa ok
   minhoca ok
   minuto ok
   mola ok
   mora ok
   muda ok
   mão ok
   nada ok
   nadadora ok
   navio ok
   ninho ok
   noite ok
   nuvem ok
   paca ok
   padaria ok
   palha ok
   panela ok
   pao ok
   parte ok
   passarinho ok
   pata ok
   pato ok
   peixe ok
   pena ok
   pesca ok
   peteca ok
   piao ok
   pinho ok
   pipa ok
   pipoca ok
   pirulito ok
   placa ok
   porta ok
   porteira ok
   poço ok
   prata ok
   prato ok
   prego ok
   presente ok
   pão ok
   pé ok
   ramo ok
   rato ok
   rede ok
   rio ok
   roda ok
   rua ok
   sabão ok
   saca ok
   sacola ok
   sapato ok
   sapo ok
   selo ok
   sente ok
   sino ok
   sofá ok
   sol ok
   sonho ok
   sopa ok
   sorte ok
   sorvete ok
   tambor ok
   também ok
   tampa ok
   tapa ok
   tartaruga ok
   teia ok
   telha ok
   tesoura ok
   tesouro ok
   tijolo ok
   tocha ok
   toma ok
   tomate ok
   torta ok
   trata ok
   trem ok
   troco ok
   tubo ok
   tucano ok
   tudo ok
   urso ok
   uva ok
   vaca ok
   vela ok
   viagem ok
   vida ok
   vidro ok
   vinho ok
   xicara ok
   zebra ok
PROVA DA FORMA DE CITACAO — 206 palavras, voz pt-BR-AntonioNeural, rate -25%

== espaco: 49/206 palavras deram o numero certo de pecas; 93 pecas medidas
   reconhecedor leu: outro 70, silaba 22, vazio 1
   pecas > 0,5 s: 2 · soletradas CURTAS (duracao nao pegaria): 0 · citacao LONGA (duracao acusaria inocente): 0
== hifen: 48/206 palavras deram o numero certo de pecas; 88 pecas medidas
   reconhecedor leu: outro 59, silaba 26, vazio 3
   pecas > 0,5 s: 3 · soletradas CURTAS (duracao nao pegaria): 0 · citacao LONGA (duracao acusaria inocente): 0
== virgula: 204/206 palavras deram o numero certo de pecas; 474 pecas medidas
   reconhecedor leu: outro 272, silaba 167, soletrado 9, vazio 26
   pecas > 0,5 s: 51 · soletradas CURTAS (duracao nao pegaria): 3 · citacao LONGA (duracao acusaria inocente): 2
      soletrada curta: BI 0.38s leu 'be'
      soletrada curta: DA 0.25s leu 'de'
      soletrada curta: DA 0.27s leu 'de'
      citacao longa:   JAR 0.51s leu 'já'
      citacao longa:   PA 0.51s leu 'para'

CONTROLE — o reconhecedor no recorte CORRIDO (o que esta no ar): outro 242, silaba 364, soletrado 4, vazio 45
